 ◆ NEXUS   HOSTS   MONITOR   FLEET                                                                                                                                                6 hosts  ● 3 online   
──────────────────────────────────────────────────────────────────────────────────────────────────────────────────────────────────────────────────────────────────────────────────────────────────────  
 LIVE MONITOR                                                                                                                                                   │                                       
 edge-1  ● 8ms · Jan 10                                                                                                                                         │ ACTIONS                               
 CPU 38% · MEM 6.4 GB / 34.4 GB (19%) · LOAD 1.24 · ↓ 2.6 MB/s ↑ 524.3 KB/s                                                                                     │ Selected host                         
                                                                                                                                                                │                                       
                                                                                                                                                                │ ◆ Connect                             
                                                                                                                                                                │   Open SSH session                    
────────────────────────────────────────────────────────────────────────────────────────────────────────────────────────────────────────────────────────────────│   Refresh info                        
 BTOP  ● LIVE · Jan 10  ·  edge-1                                                                                                                               │   Update system details               
 ────────────────────────────────────────────────────────────────────────────────────────────────────────────────────────────────────────────────────────────── │   Storage                             
 [31mcpu: 38% idle[0m                                                                                                                                                  │   Inspect all volumes                 
 [32mmem: 6.0GB / 32GB[0m                                                                                                                                              │   Check host                          
 [33mnet: rx:2.5MB/s tx:512KB/s[0m                                                                                                                                     │   Refresh connection                  
 [36mproc: worker-a ................[0m                                                                                                                                │   All actions                         
 [36mproc: worker-b ................[0m                                                                                                                                │   Commands and tools                  
 [36mproc: worker-c ................[0m                                                                                                                                │                                       
 [36mproc: worker-d ................[0m                                                                                                                                │ [l/→] focus · [a] all actions         
 [36mproc: worker-e ................[0m                                                                                                                                │                                       
 [36mproc: worker-f ................[0m                                                                                                                                │                                       
 [36mproc: worker-g ................[0m                                                                                                                                │                                       
 [36mproc: worker-h ................[0m                                                                                                                                │                                       
 [36mproc: worker-i ................[0m                                                                                                                                │                                       
 [36mproc: worker-j ................[0m                                                                                                                                │                                       
 [36mproc: worker-k ................[0m                                                                                                                                │                                       
 [36mproc: worker-l ................[0m                                                                                                                                │                                       
 [36mproc: worker-m ................[0m                                                                                                                                │                                       
 [36mproc: worker-n ................[0m                                                                                                                                │                                       
 [36mproc: worker-o ................[0m                                                                                                                                │                                       
 [36mproc: worker-p ................[0m                                                                                                                                │                                       
 [36mproc: worker-q ................[0m                                                                                                                                │                                       
 [36mproc: worker-r ................[0m                                                                                                                                │                                       
 [35mload avg: 1.24 0.98 0.80[0m                                                                                                                                       │                                       
 [34muptime: 2 days, 4 hours[0m                                                                                                                                        │                                       
 [0mend of frame[0m                                                                                                                                                   │                                       
                                                                                                                                                                │                                       
──────────────────────────────────────────────────────────────────────────────────────────────────────────────────────────────────────────────────────────────────────────────────────────────────────  
 ACTIVITY  operations · newest first                                                                                                                                                                    
 › ✓ Copy key · carol@db.example.internal Key installed                                                                                                                                                 
   × Storage · bob@build.example.com:2222 SSH timed out                                                                                                                                                 
   ✓ Refresh info · alice@edge-1.example.com Updated snapshot                                                                                                                                           
 OUTPUT · Copy key                                                                                                                                                                                      
 Key installed                                                                                                                                                                                          
 [j/k] move [o/esc] close                                                                                                                                                                               
                                                                                                                                                                                                        
                                                                                                                                                                                                        
                                                                                                                                                                                                        
                                                                                                                                                                                                        
──────────────────────────────────────────────────────────────────────────────────────────────────────────────────────────────────────────────────────────────────────────────────────────────────────  
  [tab]  switch tab   [←/→]  navigate   [,]  settings   [h]  keys                                                                                                                        [h] all keys   